Spongebob Squarepants - Season 9 - Ep. 1
Paw Patrol 6 - Ep. 149
Our broadcasts will resume at 5:00
Ma Habaaya 4 - Ep. 4
The River - Ep. 6
GFN
The Best Of SERIE A
Milan - Venezia
Live! Boca Juniors - Lanus
Crystal Palace - Man. City
Live! WTA 500: Monterrey Open, S. Finals
Braunschweig - Hertha BSC
Live! ATP 250: Winston-Salem Open, S. Fi
Ukraine - Greece
Israel - Poland
Judo
Bring Me Tyson
Fine Note 2 - Naomi Polani
Master Chef - The revolutionary desserts
Power Couple - Wedding Gone Wrong
The Quiet Wave
قناة تجريبية
Renewal of Broadcasts at 06:00
Amur Tiger: Secret Kingdom
DAYSTAR Channel
John Wick: Chapter 3 - Parabellum
Blockers
Spartacus: House of Ashur - 3
A Remarkable Place To Die - 7
Broadcasts Will Resume Soon
Makom Leyad Hayam
Billy Idol Should be Dead
Tour of Spain, Stage 7
Love Is In The Air - Ep. 93
One Love Season 4 - Ep. 388
Don't Leave Me 4 - Ep. 782
Torn Apart - Ep. 10
Prisoner of Love 2 - Ep. 248
The 80's 5 - Bloopers
Team Video Magazine
Exclusivity - Episode 8
Stage Wonders - 3. The Pocketknife
Ran Shmueli's Kitchen - Green Leaves
Friday is Here - Kobi Machat and Hen Zen
Night Flight
Genial daneben
Sport Mediaset
Noticias 24 H
To Save Pushikin
Sania the Detective
Victoriya
Chinese Grandma
Air Crash Investigation Special Report 5
Salvage Hunters: The Restorers 3 - Ep. 7
Clip Time - Ep. 15
Capitaine Marleau
French Connections
Anderson Cooper 360
Jesse Watters Primetime
Night Broadcast
Shabbat Shalom from Hidabroot Channel
عطر الشام
Broadcast Will Renew at 20:00
Blue 3: odc.45
Raven na chacie 5: odc.99
Spidey i superkumple: odc.5
Duch i nas dwóch: odc.10
Niesamowity świat Gumballa 5: odc.29
Grizzy i Lemingi: odc.44
Opowieści Wojowniczych Żółwi Ninja: odc.11
Rubble i jego ekipa: odc.20
Wojownicze Żółwie Ninja 3: odc.25
Radiowęzeł 13 i pół 1 (odc. 8)
Dzieciaki MiniMini Bis 1 (odc. 12)
Zakończenie programu
Truskawkowe Ciastko: Niezwykłe przygody 4: odc.7
Lo straordinario mondo di Gumball
Sam Il Pompiere
Pirata e Capitano II EP.8
L'école des champions
Cut
Capitaine Marleau 3 (odc. 8)
La Fille mal gardée
Luxe, la fabrique du r?ve 1 (odc. 2)
Echappées belles 16 (odc. 14)
Un regard sur Terre
Les Tambours du Bronx, de l'âme son à l'hameçon
Au-delà des cîmes
Kennedy
Enquête chrono
Les maîtres des éléments
Programmes de la nuit
Wheeler Dealers France
O co biega? 1 (odc. 22)
Jak ludzie: Szympansy z Fongoli 1 (odc. 1)
The Ride Life with Sung Kang: odc.5
Origami: odc.46
Zabójcza pogoda 5: odc.10
Mieszkanie na pniu
Gorący temat
Katastrofa w przestworzach: odc.6
Lotnisko: Biuro rzeczy znalezionych: odc.2
Eurotruckersi: odc.4
Guru, sekty, zbrodnie: odc.4
Zbrodnia: kluczowe 60 minut: odc.4
Taśmy zbrodni
Zagadki wszechświata z Morganem Freemanem
Megatransporty: odc.11
II wojna światowa na Pacyfiku: odc.1
Socjalistyczna Filmoteka Powiatowa
Cuda współczesnej inżynierii: odc.5
Starożytna apokalipsa 3: odc.2
Dzika Sri Lanka: kraina lampartów
Australijscy poszukiwacze złota 2: odc.6
Więzienie: odc.68
Tajemnice II wojny światowej: odc.12
Łowca pedofilów: odc.130
Wiza na miłość - oczami bohaterów 6: Drogi pamiętniku, mam już dość
Szokujące potrawy: odc.6
Kryminał Rawicz 1 (odc. 10)
Jurajscy wojownicy: odc.6
Dzika kuchnia 1 (odc. 4)
Jedzenie w trasie: odc.1
Jakubiak rozgryza Polskę 1 (odc. 4)
Domowy kryminał: Kulisy branży pogrzebowej
Domowa nauka: Nauka włączająca
Rolnicy. Podlasie: odc.23
Jurassic Punk
Janosik: odc.12
Patrol Tatry
Lage Raho
Sprzątaczka
Przerwa w programie
To nie mój film
Twardzielki 1 (odc. 2)
Pętla 1 (odc. 1)
TkaniNOWE kreacje 1 (odc. 2)
Polityka 1 (odc. 1)
Lioness: odc.2
Szybcy i wściekli 9
Mortal Kombat 2
Ciche miejsce
Euforia: Powrót
Symfonia o umieraniu
Natatorium
Ostrze żądne krwi
Amsterdam
Lśnienie
River Queen
Saga "Zmierzch": Przed świtem. Część 2
Morderstwo w Prowansji
Morderstwa w Midsomer 16: odc.5
Nieznane dzieje II wojny światowej: odc.3
Najdroższe brytyjskie domy 3: odc.7
Szczęki 4: Zemsta
Kapitan Hook: Klątwa mórz
Nocna jazda
Modigliani
Horny Housewives 3
Kiedy ostatni raz widziałem Paryż
Zabójcze umysły: odc.1
Family Guy: Głowa rodziny 23: odc.10
Śmieszniej nie będzie 4: Szalone mamusie: odc.19
Stand-up: Demetri Martin - Postać
Castle 6: odc.6
Dowody zbrodni 5: odc.11
JAG - Wojskowe Biuro Śledcze: odc.8
Kobra - oddział specjalny 18: odc.9
Marlow: klub zbrodni 2: odc.3
Skazany na bluesa
Szkoła: odc.610
Ekstradycja 2: odc.1
Rejs ku szczęściu - Podróż poślubna do Zambii
Rozmowy kontrolowane
Opowieść o wyspie 1 (odc. 30)
Łowca pedofilów: odc.149
Mistrzowie Kabaretu 13: Czesuaf, Kryszak: odc.1
Magia nagości. Najlepsze momenty: odc.1
Wags: odc.6
Łowca androidów
Ted 2
Backdoor. Wyjście awaryjne: odc.3
Ślad: odc.39
Akademik: odc.26
Ślad: odc.22
Historia broni: odc.10
Więzienie kobiet: odc.28
Łowca pedofilów: odc.118
Strach się bać! - Outlast 2: odc.8
Punkt widzenia Jankowskiego
Z klimatem i z pasją
Love Island. Wyspa miłości: odc.5
Krejzi patrol: odc.15
Menu na miarę: odc.10
Piła 4
Krew z krwi 3 (odc. 2)
Morderstwa w Nimes
Psy 2. Ostatnia krew
Dziedzictwo
Trzeci oficer 1 (odc. 1)
Poland Daily
Kabaret Letnią Porą: odc.20
Kaganiec
Miasta, w których straszy: odc.1
After 2
Pani gadżet erotycznie: odc.2
K2 - kierowców dwóch: odc.7
Fakty po Faktach
Podwodny strach
Influencerzy
Krzyk
Madame Web
MMA: ONE Championship: Gala ONE Friday Fights 168 na Lumpin
Tenis: WTA 500 - Abierto GNP Seguros: Półfinał
Superpiątek: Przed meczem
Bohater z cienia. Wisła Kraków
Magazyn skrótów kwalifikacji Ligi Mistrzów UEFA: Play-off -
Premier League: The Big Interview
Piłka nożna: AC Milan - Venezia FC
RC Lens - Sekrety sukcesu
Piłka nożna: Rio Ave FC - Sporting CP
Legendy ligi niemieckiej: Karl-Heinz Rummenigge
Siatkówka kobiet: Polska - Niemcy
Sporty walki: FEN
Sporty walki: Babilon MMA
Piłka nożna: RC Strasbourg - Crystal Palace FC
Piłka nożna: FC Salzburg - Mjällby AIF
Zapasy: 69. Memoriał Władysława Pytlasińskiego
Piłka nożna: Crystal Palace FC - Rayo Vallecano
Piłka nożna: SC Cambuur - Feyenoord Rotterdam
Sporty walki: Bartosz Guz - Camille Dewitte 11.04.2026
Wioślarstwo: Mistrzostwa świata - Amsterdam 2026
Kolarstwo: Vall d'Alba - Aramón Valdelinares
Formuła E: ePrix Wielkiej Brytanii
Sporty walki: We Love MMA 76
Pro Bull Riders 2: odc.8
Golf: PIF Saudi Ladies international Rijad 2026
Rajdowe Mistrzostwa Świata: Rajd Paragwaju 2025
RADIO MONTE CARLO NIGHT
Mistrz tatuażu: Powrót mistrzów 10: Rysa na szkle: odc.8
Polska Nocą
Zdrady
Polska noc
Polska lista
Rock by night
All Nite Rock
Hit za hitem
Tylko hity
Śpiewaj z Nami!
Bizet : Les Pêcheurs de perles - Capitole de Toulouse
Moje zdrowie: Nadciśnienie tętnicze
Małgorzata Gałka. Pytania o Polskę
10 vor 10
SRF bi de Lüt - Im Einsatz
11. September - Die letzten Stunden im World Trade Center
Dîner à la ferme
19h30 - Signé
Repliche informazione
Canottaggio: Mondiali Amsterdam 2026 - Finali A
JT 19h30
Météo
Boucle de nuit
Moments d'évasion
Shopping Hours
Les cinquante
Belli Freschi
My Hero Academia
Chicago Med
Norma e Felice
Prestami tua moglie
Verso l'Eden
Delitti ai Caraibi
Usterka 11: odc.10
Antico Egitto: Cronache di un impero
Blindspot
Liberi sognatori - A testa alta - Libero Grassi
Sacrificio d'amore
If You Love
Reazione a catena
La regola delle 3 mogli
RaiNews24
The Survivalist
Overland 20 Africa dell'Ovest - puntata
L'amore fatale
Heartland 3 - Il lupo ep.11
SUPER SPIKE BALL (II) - EP. 11
Speciale tg1. Il colera a Napoli
Memex I luoghi della scienza - Puntata 1
NEWS
RADIO2 HITS
Two Girls Sare Twice the Fun #13
All Ass For Love Day (+18)
Hot Massage Creampies!
Girls Grind Big Bones
I Blew It Mom
Girls at work : Story 1
Outdoor and Nature Ep 4
Kabaretowy szał
Best Hits
77 TV
Nuta Gold Karaoke
Karaoke w 4FUN.TV
Karaoke w 4FUN DANCE
Karaoke
Gorączka w mieście 2 (odc. 7)
Kabaretowy szał bis 1 (odc. 24)
Ranczo 3: odc.34
Produkt czyszczący Royal Wash Multi Clean
Program muzyczny
World Talks - Rozmowa Wybrana
Oko na świat
استوديو العرب
Thematic Replay of Live Broadcast: The Church and Young People
BBC News
The 51 Percent
Billet retour
TGCOM24
My Music Hits- 24 orë
Melody Hits
Tar Hits
Muzikë
IDJBAKLAN
PARTY RIDE
Hráme na dobrú noc
Spotovi
MotorMusic Jazz Sessions: Steven Delannoye, Free
Noćna straža
Adria Music TV program
Muzika
Biljana za Vas
Ink Master
Young Euro Classic 2022: Chineke! Junior Orchestra, Glass Marcano
بالهنا والشفا
No Information
مسار اجباري ح 6
Al Rakesa Wal Seyasi
Al Rakesa Wal Tabaal
Awlad Al-Ra'i
Sundouq Bareed 1003
SHERLOCK HOLMES: A GAME OF SHADOWS
Monaco Grand Prix Historique Highlights 2026
Sirr Al Haneen
Eleven in Arabic (Ar) 2026
German Cup Highlights Program 2026-2027 (Ar)
The Boat Show (Ar) 2026
Global Week-End
Dokumentar nga CNN
Lajme - Moti
Fax News
Programet e Klan News
Kjo Javë
Pozrime sa na to
Pregled dana
Studio ČT24
WAGs LA, ep. 6. For Love Or Money
Global Business
Pixel Collage, People You Meet 3
SAT tv: Naši u svijetu Džemil Skenderović
TV Nakupi program
Aviondžije 13, ep. 8. serija
RTK-1
More milosrđa
Maria Vision Međugorje program
Al Arabiya News
Science of Stupid
برنامج بدون كلام
هي وبس
درش مجمع حلقات
Bloomberg
GMA Pinoy
دوبول بي تي في
DTM 2025
أودبودز
ايدول سي كوسينا
غرين آيد كيليرز
DZMM TeleRadyo
ويه باك هوم
TFC HD
فرونتلاين بيلبيناس
توب نايت
ار اف ام هيتس
سينيسيغاو
شيسينغ فليفورز
أنشنت إليينز
ديث كوست
الخلافة - ساكساشين
سونك بانك
اكبيديشن إكس
ليغو مارفل سوبرهيروز - ذا بلاك بانثر
سو V
SPONSER HASHT SPONSER
ذا مردر تيبس
بوليتبروف مونك
بان أند هولي فيري ليتل كيندغدوم
توب وينج
OSNtv POP UP
فيماكس: نو سترايت لاين
أوتلو
أندر ذا جريبفروت تري: ذا سي سي ساباتيا ستوري
دي تي إف سانت لويس
OSN
وهلأ لوين
لوو أند أوردر: سبيشال فيكتمز يونيت
ويلكم تو بلاثفيل
إخوتي
جيغوكز غاراج كلاسيكس
Rick Renner
آدم ريتشمان إيتس بريتين
ذا أفير
ذا مان ويذ ذي آيرون فيستس
أندرسون كوبر 360
أنيمول كابس فينكس
تي أند مو
ذا أميزينج وورلد أوف جامبول - عالم غامبول المُدهش
سيليكون فالي
OSNtv Yahala
Sport News
Lille-PSG
Premier League Channel
INFO
Programet e TS6 HD
Programet e TS7 HD
Tring Sport News
UŽIVO: NFL PRESEASON: PHILADELPHIA - CINCINATTI, američki nogomet
Winn-Dixie 250 Powered by Coca-Cola
EUROPSKA LIGA M: UTAKMICA ZA 3. MJESTO, rukomet
Nočné vysielanie
EUROPA LIGA: SAŽETAK, nogomet
COPPA ITALIA: MONZA - AVELLINO, nogomet
Najava programa
EUROPA LIGA: BETIS - PANATHINAIKOS, nogomet
MLB: WORLD SERIES G6, baseball
Fenerbahce - Real Madrid 09.04.
Socca SP (Essen): Serbia - Brazil
Flashpoint (ep. 23,24)
Slovenska 1. liga: Koper - Aluminij
Cage Warriors: O2 London
LoL - Esports World Cup 2026 - FINALE
Boks: Porec II. deo
Schott Mainz - Borussia Mönchengladbach
Šipky
Tenis
Biciklizam kroz Češku
MAXSport info
Bedminton
Basketbal Reprezentácia muži
Správy
Formule: Formule E v Londýně
Programet e RTSH SPORT
North Wrestling
Fast Lap
Golf: DP World Tour: Betfred British Masters (2)
Anna mezi obojživelníky (43)
Spidey and His Amazing Friends 3, ep. 70.
Medo Grizli i male napasti, ep. 44.
Sonic Prime
Sonik Prajm
Sonic Prime I (14)
Malo kraljevstvo Bena i Holly, ep. 7.
Lego Friends: Nová kapitola III (3)
Dora istražuje 5, ep. 2. Zimski čudofest / Dupinski snovi
Trolët: Mbretëria magjike
Panda a Krash I (11)
Knihy od Stonožky (13)
Sam a Julie I (57)
Premium Channel
Veľa šťastia, pán Veľký
Simpsonovci XXVI (5)
Policajti v akcii
Prísne tajné projekty UFO: Odtajnené I (5)
Spider-Man: Povratak kući, film
Ordinace v růžové zahradě II (447)
Kobra 11 XIX (8)
Sedem s r.o. (19)
Balthazar III (2)
Horná Dolná XIV (8)
Dcéry pani Fazilet (14)
Crna lista 8, ep. 17. serija
Komisár Montalbano XI (2)
Na plac!
Vraždy, které šokovaly XXIX (16)
Máme rádi Česko
Sladká pomsta (16)
Policie v akci
Ja sam legenda, film
Poirot 12, ep. 1. serija
Čikaška policija 5, ep. 4. serija
Veličanstveni duo, ep. 7. serija
Sportske igre mladih 12, ep. 8.
Mamica 6, ep. 20. serija
Ritransmetime
Shpirt i egër
Programet e RTSH
Programet e RTSH2
Klasika mundi: 64. Glazbene večeri u Sv.
Ora de ştiri
Videonoč
Napoved parlamentarnih aktivnosti
Jako lidé: Šimpanzi z Fongoli (1)
Pogled u vječnost
Drugi svjetski rat: Pogled iz zraka 2, ep. 1. Činovi otpora
Svědkem katastrofy I (5)
Rajevi na Zemlji, ep. 1. Denali: Velika divljina Aljaske
Tajemné království tygrů ussurijských
Život ispod nule 5, ep. 6. Winter's Grip
Zvijezde zalagaonice 24, ep. 22. Siegfried i Rick
Hvězdy zastavárny
Drevni izvanzemaljci 5, ep. 7. Von Dänikenovo nasljeđe
Drevna apokalipsa 3, ep. 2.
Starodávné apokalypsy III (2)
Australski lovci na zlato 2, ep. 3.
Australští zlatokopové II (3)
Gladijatori, ep. 4.
Hraniční kontrola: Švédsko III (13)
Zelenooki ubojice 3, ep. 4.
Boarding Pass
Kënaqësia e seksit në adoleshencë 1
Před Slávou a Korunou (3)
Ghost Loop
Michel Roux i najbolja hrana s Temze 2, ep. 1.
Gimnastičarske zvijezde, Tako blizu
Prue vaří po anglicku I (10)
Fundamenty
Top Guns: Královské vzdušné síly zevnitř II (5)
Máme vlastní zámek VI (15)
Svet :24
Operace při vědomí I (3)
Zopár nenormálnych aktivít 2
La Promesa 5, ep. 21. serija
Velečasni Brown, ep. 8. serija
Studio 4: Intervju
Krijesa veçanërisht të zgjuara
Më vrit tri herë
Makineria e luftës
Jashtë ligjit
Indiana Xhons dhe ora e fatit
Drejtësi brutale
Perandoria
Hije që mbeten pas
DogMan
Bez riječi, film
Inspektor Morse 11, ep. 1. serija
Svijet vrtlara 10, ep. 26.
Kickboxer: Odplata
Resident Evil: Zadnje poglavlje, film
Není jiná možnost
Zla smrt: Buđenje, film
Tvorac
Tvorac, film
Euforie: Ohlédnutí
Euforija: Posebna epizoda, film
Do kraja života, film
Umírání
Natatorij, film
Natatorij
Muškarci koji mrze žene, film
Težina uvjerenja, film
Gunman, film
Teksaški masakr motornom pilom, film
Spoj u krkljancu, film
Zombilend
Nasmejano lice
Odavno mrtav
Izabrana porodica
The Last Time I Saw Paris
The Revenant
Istražitelji iz Majamija
The Originals
Povratak u raj
Legenda o konkubini, film
Tragač 2, ep. 1. serija
Hakmarrja
Povratnik, film
Prevaga: Iskupljenje 3, ep. 4. serija
Originali, ep. 10. serija
Zjarr TV
Iz vedra neba
Oficir sa ružom
Kamenolom
Vampir tinejdžer
Zmajevo srce Novi početak
Lovac na čudovišta
Ne čini zlo
Felicijino putovanje
Hektor u potrazi za srećom
Gven Šemblin
Andromeda
Ženski raj
Larin izbor
Pucali su na pijanistu
Të dalldisur
Smrt ve tmě
Námořní vyšetřovací služba: Havaj II (19)
Murder in a Small Town
Kako su me ukrali Nemci, film
STAR PLUS TV
Djall i Shenjtë
Dheze mikrofonin
DREJT
Start
Edicioni i i fundit i lajmeve
Crveni mesec
Spali sve
Kursadžije
Dobré ráno
Rodinné křižovatky
Filmařské legendy I
Infocanale
Dnevnik SA
Izgubljeni grad Z
Premještaj, film
Gunman
Muškarci koji mrze žene
Teksaški masakr motornom pilom
Everly
Povratnik
Povratak iz mrtvih
Inspektor Mors
Ubojstvo u malenom gradu
Grand koktel
Nikad nije kasno
Chesapeake Shores
Obale Chesapeakea
Zlatni kavez
Zaboravljeni slučaj
Veličanstveni duo
Matthew Bourne's The Red Shoes
Pavza!
Vijesti u 11
WAGS
Ink Master: Return of the Masters
Protiv sjevernog vjetra
Toxic Tuner
Toxic Folk Accordian
Muzički miks
Sarajevo - BSK 21.8.
Philadelphia - Cincinatti, NFL Predsezona
Atletico Madrid - Villareal 23.8
Al Nassr - Al Taawoun
Liga prvakov: Magazin
Slovan - Ilirija
Husqvarna British Masters: Day 1
Fortuna Sittard - AZ Alkmaar
Sportski mix
Robogobo
Benovo i Holino malo kraljevstvo
Psići u ophodnji
Border Control Sweden
The Murder Tapes
My Lottery Dream Home
Roux Down the River
Lovački savjeti
Čuvari planete
WWW muzička lista
Dnevnik 2
Masimo Savić u Sava centru
Letnje šeme
Vajdasági lakodalom
Pelagijin venac
Usodno vino
Napad na Belu kuću
Nema informacii
Kraj programa
Radio Happy
Južni Vetar Making Of
Noćni program
Kontsert na Vlatko Stefanovski i gosti
Cena uspeha
BBC dokumentarni program
Kally's Mashup - Pot do zvezde
Dnevnik
Kako vreme prolazi
Žurnal
Sve što vole mladi
Pevaj, brate
Ja sakam Makedonija
Izbor iz jutarnjeg programa
Glasbeni utrip
24 sata
Nema podataka
Nokjna programa
Usoljena govedina
PL Moments: DAVID GINOLA
NFL Preseason: Philadelphia Eagles - Cincinnati Bengals
Košarkaška pravila: Aleksa Avramović
Fudbal - Francuska liga: Lille - PSG
Odbojka - Evropsko Prvenstvo (ž): Španija - Rumunija
Fudbal - Italijanska liga: Milan - Venezia
ATP 250 Winston Salem: Polufinale 2
Fudbal - Španska liga: Alaves - Villareal
Fudbal - Austrijska liga: LASK - Ried
Fudbal - Liga Evrope: Real Betis - Lyon
Košarka - Kvalifikacije za SP (M): BiH - Italija
Odbojka - Evropsko Prvenstvo (ž): Ukrajina - Srbija
Fudbal - Ruska liga: Fakel - Orenburg
Hokej - NHL: Florida Panthers - Tampa Bay Lightning
Fudbal - Mozzart Bet Superliga: OFK Beograd - Zemun
Rukomet - Super liga: Partizan - Dubočica 54
NASCAR Cup Series: Bristol
WTA 500 Monterrey: Polufinale 1
Arena Sport 1x2
Tito Ortiz vs Evan Tanner, MMA UFC 30
ESL Pro Liga: Navi Vs Aurora
Wild Nymphomaniacs' Dreams Come True
Program për të rritur
Brazzers Loves Violet's Asshole
Two Girls Sare Twice The Fun #13
Double-Rod 3Way Rendezvous
In Bed With A Cougar 3
Kenzie Taylor Is Wicked
Romantic Sex Positions
